// Jest Snapshot v1, https://goo.gl/fbAQLP

exports[`should render DashboardPage correctly 1`] = `
<div
  className="content-container"
>
  <Form
    addPerson={[Function]}
  />
</div>
`;
